# Existing function descriptions on out-of-line header declarations.
# Keep this exact: move descriptions to definitions and remove their entries.
proto_fuzzer/ftp_mock_server.h:proto_fuzzer::FtpMockServer::ApplyScriptBackpressure(MockConnection *connection, const curl::fuzzer::proto::Connection &script)
proto_fuzzer/ftp_mock_server.h:proto_fuzzer::FtpMockServer::CapturePrefix(std::string_view source, std::size_t limit, std::string *destination)
proto_fuzzer/ftp_mock_server.h:proto_fuzzer::FtpMockServer::CloseActiveDescriptors()
proto_fuzzer/ftp_mock_server.h:proto_fuzzer::FtpMockServer::CommandVerb(std::string_view command)
proto_fuzzer/ftp_mock_server.h:proto_fuzzer::FtpMockServer::ConnectActiveDataChannel()
proto_fuzzer/ftp_mock_server.h:proto_fuzzer::FtpMockServer::DirectionForVerb(std::string_view verb)
proto_fuzzer/ftp_mock_server.h:proto_fuzzer::FtpMockServer::FinishConnections(bool completed)
proto_fuzzer/ftp_mock_server.h:proto_fuzzer::FtpMockServer::FirstReplyCode(std::string_view response)
proto_fuzzer/ftp_mock_server.h:proto_fuzzer::FtpMockServer::FtpMockServer()
proto_fuzzer/ftp_mock_server.h:proto_fuzzer::FtpMockServer::GetSocketSetupDisposition(curl_socket_t curlfd, curlsocktype purpose) const override
proto_fuzzer/ftp_mock_server.h:proto_fuzzer::FtpMockServer::HandleControlCommand(std::string_view command)
proto_fuzzer/ftp_mock_server.h:proto_fuzzer::FtpMockServer::HandleOpenSocket(curlsocktype purpose=CURLSOCKTYPE_IPCXN, struct curl_sockaddr *address=nullptr) override
proto_fuzzer/ftp_mock_server.h:proto_fuzzer::FtpMockServer::IsConfiguredCustomDownload(std::string_view verb) const
proto_fuzzer/ftp_mock_server.h:proto_fuzzer::FtpMockServer::NextControlReply()
proto_fuzzer/ftp_mock_server.h:proto_fuzzer::FtpMockServer::OpenActiveListener(struct curl_sockaddr *address)
proto_fuzzer/ftp_mock_server.h:proto_fuzzer::FtpMockServer::PreloadDownload(DataChannel *channel)
proto_fuzzer/ftp_mock_server.h:proto_fuzzer::FtpMockServer::QueueTransferCompletion()
proto_fuzzer/ftp_mock_server.h:proto_fuzzer::FtpMockServer::ReadActiveBytes(int fd, std::string *output)
proto_fuzzer/ftp_mock_server.h:proto_fuzzer::FtpMockServer::ResetForScenario(const curl::fuzzer::proto::Scenario &scenario)
proto_fuzzer/ftp_mock_server.h:proto_fuzzer::FtpMockServer::RunLoop(CURLM *multi, CURL *easy, const curl::fuzzer::proto::Scenario &scenario) override
proto_fuzzer/ftp_mock_server.h:proto_fuzzer::FtpMockServer::ServiceControlConnection()
proto_fuzzer/ftp_mock_server.h:proto_fuzzer::FtpMockServer::ServiceUploadConnections()
proto_fuzzer/ftp_mock_server.h:proto_fuzzer::FtpMockServer::StartNextTransfer(TransferDirection direction)
proto_fuzzer/ftp_mock_server.h:proto_fuzzer::FtpMockServer::TailNeedsOnlyNewline(std::string_view response)
proto_fuzzer/ftp_mock_server.h:proto_fuzzer::FtpMockServer::UsesActiveMode() const
proto_fuzzer/ftp_mock_server.h:proto_fuzzer::FtpMockServer::VerbEquals(std::string_view verb, std::string_view expected_uppercase)
proto_fuzzer/ftp_mock_server.h:proto_fuzzer::FtpMockServer::WriteActiveBytes(int fd, const unsigned char *data, std::size_t size)
proto_fuzzer/ftp_mock_server.h:proto_fuzzer::FtpMockServer::WriteControlBytes(std::string_view bytes)
proto_fuzzer/ftp_mock_server.h:proto_fuzzer::FtpMockServer::control_transcript() const
proto_fuzzer/ftp_mock_server.h:proto_fuzzer::FtpMockServer::opened_data_connection_count() const
proto_fuzzer/ftp_mock_server.h:proto_fuzzer::FtpMockServer::uploaded_data() const
proto_fuzzer/ftp_mock_server.h:proto_fuzzer::FtpMockServer::~FtpMockServer() override
proto_fuzzer/tftp_mock_server.h:proto_fuzzer::TftpMockServer::ConfigureSocket(int fd)
proto_fuzzer/tftp_mock_server.h:proto_fuzzer::TftpMockServer::DrainClientDatagrams()
proto_fuzzer/tftp_mock_server.h:proto_fuzzer::TftpMockServer::DrainSocket(int fd, TftpSocketRole role)
proto_fuzzer/tftp_mock_server.h:proto_fuzzer::TftpMockServer::GetSocketSetupDisposition(curl_socket_t curlfd, curlsocktype purpose) const override
proto_fuzzer/tftp_mock_server.h:proto_fuzzer::TftpMockServer::HandleOpenSocket(curlsocktype purpose, struct curl_sockaddr *address) override
proto_fuzzer/tftp_mock_server.h:proto_fuzzer::TftpMockServer::OpenLoopbackSocket(struct sockaddr_in *bound_address)
proto_fuzzer/tftp_mock_server.h:proto_fuzzer::TftpMockServer::PrepareScript(const curl::fuzzer::proto::Connection &connection)
proto_fuzzer/tftp_mock_server.h:proto_fuzzer::TftpMockServer::RememberClientAddress(const struct sockaddr_in &address, socklen_t length)
proto_fuzzer/tftp_mock_server.h:proto_fuzzer::TftpMockServer::ResetPeer()
proto_fuzzer/tftp_mock_server.h:proto_fuzzer::TftpMockServer::RewriteDestination(struct curl_sockaddr *address, const struct sockaddr_in &destination)
proto_fuzzer/tftp_mock_server.h:proto_fuzzer::TftpMockServer::RunLoop(CURLM *multi, CURL *easy, const curl::fuzzer::proto::Scenario &scenario) override
proto_fuzzer/tftp_mock_server.h:proto_fuzzer::TftpMockServer::SendNextDatagram()
proto_fuzzer/tftp_mock_server.h:proto_fuzzer::TftpMockServer::received_datagrams() const
proto_fuzzer/tftp_mock_server.h:proto_fuzzer::TftpMockServer::request_port() const
proto_fuzzer/tftp_mock_server.h:proto_fuzzer::TftpMockServer::transfer_port() const
